<?xml version="1.0" encoding="UTF-8"?>
<TestRun id="3349ba94-b3aa-4c74-8098-8d4920ac1fda" name="BMiller@COEUS 2011-05-08 01:24:26" runUser="SITEWIRE\BMiller" xmlns="http://microsoft.com/schemas/VisualStudio/TeamTest/2010">
  <TestSettings name="Default Test Settings" id="6d8fb088-8183-45a6-9fec-781d1986aa5e">
    <Deployment runDeploymentRoot="BMiller_COEUS 2011-05-08 01_24_26">
      <DeploymentItem filename="C:\Users\bmiller\MVCMobileCapableViewEngines\packages\Moq.4.0.10827\lib\NET40\Moq.dll" />
      <DeploymentItem filename="C:\Users\bmiller\MVCMobileCapableViewEngines\Application.MVCExtensions\bin\Debug\Application.MVCExtensions.dll" />
    </Deployment>
    <Execution>
      <TestTypeSpecific />
      <AgentRule name="Execution Agents">
      </AgentRule>
    </Execution>
  </TestSettings>
  <Times creation="2011-05-08T01:24:26.8570637-07:00" queuing="2011-05-08T01:24:28.0370637-07:00" start="2011-05-08T01:24:28.1020637-07:00" finish="2011-05-08T01:24:29.3850637-07:00" />
  <ResultSummary outcome="Completed">
    <Counters total="10" executed="10" passed="10" error="0" failed="0" timeout="0" aborted="0" inconclusive="0" passedButRunAborted="0" notRunnable="0" notExecuted="0" disconnected="0" warning="0" completed="0" inProgress="0" pending="0" />
  </ResultSummary>
  <TestDefinitions>
    <UnitTest name="FindViewReturnsSharedMobileViewPath" storage="c:\users\bmiller\mvcmobilecapableviewengines\application.mvcextensions.tests\bin\debug\application.mvcextensions.tests.dll" id="db02e4c0-2982-25e2-7b8b-b5c6d6cb128a">
      <Execution id="e527b767-b0ae-4bfd-989a-093efdd2e037" />
      <TestMethod codeBase="C:/Users/bmiller/MVCMobileCapableViewEngines/Application.MVCExtensions.Tests/bin/Debug/Application.MVCExtensions.Tests.DLL" adapterTypeName="Microsoft.VisualStudio.TestTools.TestTypes.Unit.UnitTestAdapter, Microsoft.VisualStudio.QualityTools.Tips.UnitTest.Adapter, Version=10.0.0.0, Culture=neutral, PublicKeyToken=b03f5f7f11d50a3a" className="Application.MVCExtensions.Tests.MobileCapableRazorViewEngineFixture, Application.MVCExtensions.Tests, Version=1.0.0.0, Culture=neutral, PublicKeyToken=null" name="FindViewReturnsSharedMobileViewPath" />
    </UnitTest>
    <UnitTest name="FindViewReturnsSpecificMobileViewPath" storage="c:\users\bmiller\mvcmobilecapableviewengines\application.mvcextensions.tests\bin\debug\application.mvcextensions.tests.dll" id="06ea11f1-bef8-c99d-b64c-ac3d7ba03561">
      <Execution id="1937c998-8a0f-49a8-8c19-ec678619695a" />
      <TestMethod codeBase="C:/Users/bmiller/MVCMobileCapableViewEngines/Application.MVCExtensions.Tests/bin/Debug/Application.MVCExtensions.Tests.DLL" adapterTypeName="Microsoft.VisualStudio.TestTools.TestTypes.Unit.UnitTestAdapter, Microsoft.VisualStudio.QualityTools.Tips.UnitTest.Adapter, Version=10.0.0.0, Culture=neutral, PublicKeyToken=b03f5f7f11d50a3a" className="Application.MVCExtensions.Tests.MobileCapableWebFormViewEngineFixture, Application.MVCExtensions.Tests, Version=1.0.0.0, Culture=neutral, PublicKeyToken=null" name="FindViewReturnsSpecificMobileViewPath" />
    </UnitTest>
    <UnitTest name="FindViewReturnsDesktopViewPathWhenSpecificMobileFolderAndSharedMobileFolderNotExists" storage="c:\users\bmiller\mvcmobilecapableviewengines\application.mvcextensions.tests\bin\debug\application.mvcextensions.tests.dll" id="26ca33dd-8dd6-2d1c-3848-8b1bcf9b63d6">
      <Execution id="918288b5-0b61-4965-baea-3ab4d383756f" />
      <TestMethod codeBase="C:/Users/bmiller/MVCMobileCapableViewEngines/Application.MVCExtensions.Tests/bin/Debug/Application.MVCExtensions.Tests.DLL" adapterTypeName="Microsoft.VisualStudio.TestTools.TestTypes.Unit.UnitTestAdapter, Microsoft.VisualStudio.QualityTools.Tips.UnitTest.Adapter, Version=10.0.0.0, Culture=neutral, PublicKeyToken=b03f5f7f11d50a3a" className="Application.MVCExtensions.Tests.MobileCapableWebFormViewEngineFixture, Application.MVCExtensions.Tests, Version=1.0.0.0, Culture=neutral, PublicKeyToken=null" name="FindViewReturnsDesktopViewPathWhenSpecificMobileFolderAndSharedMobileFolderNotExists" />
    </UnitTest>
    <UnitTest name="FindViewReturnsDesktopViewPath" storage="c:\users\bmiller\mvcmobilecapableviewengines\application.mvcextensions.tests\bin\debug\application.mvcextensions.tests.dll" id="14d5c3cd-b1dd-8c6f-29a0-cf748dc25bce">
      <Execution id="b1e4bb05-86ce-43fd-8f97-7c2d22d52aeb" />
      <TestMethod codeBase="C:/Users/bmiller/MVCMobileCapableViewEngines/Application.MVCExtensions.Tests/bin/Debug/Application.MVCExtensions.Tests.DLL" adapterTypeName="Microsoft.VisualStudio.TestTools.TestTypes.Unit.UnitTestAdapter, Microsoft.VisualStudio.QualityTools.Tips.UnitTest.Adapter, Version=10.0.0.0, Culture=neutral, PublicKeyToken=b03f5f7f11d50a3a" className="Application.MVCExtensions.Tests.MobileCapableRazorViewEngineFixture, Application.MVCExtensions.Tests, Version=1.0.0.0, Culture=neutral, PublicKeyToken=null" name="FindViewReturnsDesktopViewPath" />
    </UnitTest>
    <UnitTest name="FindViewReturnsSharedMobileViewPathWhenSpecificMobileFolderNotExists" storage="c:\users\bmiller\mvcmobilecapableviewengines\application.mvcextensions.tests\bin\debug\application.mvcextensions.tests.dll" id="05a17778-cdff-7d54-5b16-cadb7db34dff">
      <Execution id="3d6a1f41-a6ac-41e6-9acd-437802ce1096" />
      <TestMethod codeBase="C:/Users/bmiller/MVCMobileCapableViewEngines/Application.MVCExtensions.Tests/bin/Debug/Application.MVCExtensions.Tests.DLL" adapterTypeName="Microsoft.VisualStudio.TestTools.TestTypes.Unit.UnitTestAdapter, Microsoft.VisualStudio.QualityTools.Tips.UnitTest.Adapter, Version=10.0.0.0, Culture=neutral, PublicKeyToken=b03f5f7f11d50a3a" className="Application.MVCExtensions.Tests.MobileCapableWebFormViewEngineFixture, Application.MVCExtensions.Tests, Version=1.0.0.0, Culture=neutral, PublicKeyToken=null" name="FindViewReturnsSharedMobileViewPathWhenSpecificMobileFolderNotExists" />
    </UnitTest>
    <UnitTest name="FindViewReturnsSpecificMobileViewPath" storage="c:\users\bmiller\mvcmobilecapableviewengines\application.mvcextensions.tests\bin\debug\application.mvcextensions.tests.dll" id="87c7a14e-314b-c75f-b193-e7031327d783">
      <Execution id="97607ba9-ba93-4d41-870b-245f87e462e3" />
      <TestMethod codeBase="C:/Users/bmiller/MVCMobileCapableViewEngines/Application.MVCExtensions.Tests/bin/Debug/Application.MVCExtensions.Tests.DLL" adapterTypeName="Microsoft.VisualStudio.TestTools.TestTypes.Unit.UnitTestAdapter, Microsoft.VisualStudio.QualityTools.Tips.UnitTest.Adapter, Version=10.0.0.0, Culture=neutral, PublicKeyToken=b03f5f7f11d50a3a" className="Application.MVCExtensions.Tests.MobileCapableRazorViewEngineFixture, Application.MVCExtensions.Tests, Version=1.0.0.0, Culture=neutral, PublicKeyToken=null" name="FindViewReturnsSpecificMobileViewPath" />
    </UnitTest>
    <UnitTest name="FindViewReturnsSharedMobileViewPath" storage="c:\users\bmiller\mvcmobilecapableviewengines\application.mvcextensions.tests\bin\debug\application.mvcextensions.tests.dll" id="9b1e3ff5-5041-f8fe-88fc-e8dc175b189b">
      <Execution id="1f886460-8c8f-4a7b-85ff-4a5a28637825" />
      <TestMethod codeBase="C:/Users/bmiller/MVCMobileCapableViewEngines/Application.MVCExtensions.Tests/bin/Debug/Application.MVCExtensions.Tests.DLL" adapterTypeName="Microsoft.VisualStudio.TestTools.TestTypes.Unit.UnitTestAdapter, Microsoft.VisualStudio.QualityTools.Tips.UnitTest.Adapter, Version=10.0.0.0, Culture=neutral, PublicKeyToken=b03f5f7f11d50a3a" className="Application.MVCExtensions.Tests.MobileCapableWebFormViewEngineFixture, Application.MVCExtensions.Tests, Version=1.0.0.0, Culture=neutral, PublicKeyToken=null" name="FindViewReturnsSharedMobileViewPath" />
    </UnitTest>
    <UnitTest name="FindViewReturnsSharedMobileViewPathWhenSpecificMobileFolderNotExists" storage="c:\users\bmiller\mvcmobilecapableviewengines\application.mvcextensions.tests\bin\debug\application.mvcextensions.tests.dll" id="6dfc464c-84fa-fa54-85aa-6887a98c49c4">
      <Execution id="467815c8-8549-40b7-8eac-cef686395598" />
      <TestMethod codeBase="C:/Users/bmiller/MVCMobileCapableViewEngines/Application.MVCExtensions.Tests/bin/Debug/Application.MVCExtensions.Tests.DLL" adapterTypeName="Microsoft.VisualStudio.TestTools.TestTypes.Unit.UnitTestAdapter, Microsoft.VisualStudio.QualityTools.Tips.UnitTest.Adapter, Version=10.0.0.0, Culture=neutral, PublicKeyToken=b03f5f7f11d50a3a" className="Application.MVCExtensions.Tests.MobileCapableRazorViewEngineFixture, Application.MVCExtensions.Tests, Version=1.0.0.0, Culture=neutral, PublicKeyToken=null" name="FindViewReturnsSharedMobileViewPathWhenSpecificMobileFolderNotExists" />
    </UnitTest>
    <UnitTest name="FindViewReturnsDesktopViewPath" storage="c:\users\bmiller\mvcmobilecapableviewengines\application.mvcextensions.tests\bin\debug\application.mvcextensions.tests.dll" id="f50390d4-1197-32bf-b197-c0cd06aa824c">
      <Execution id="3d0598e2-3ba2-4155-9a39-5520ddbe4515" />
      <TestMethod codeBase="C:/Users/bmiller/MVCMobileCapableViewEngines/Application.MVCExtensions.Tests/bin/Debug/Application.MVCExtensions.Tests.DLL" adapterTypeName="Microsoft.VisualStudio.TestTools.TestTypes.Unit.UnitTestAdapter, Microsoft.VisualStudio.QualityTools.Tips.UnitTest.Adapter, Version=10.0.0.0, Culture=neutral, PublicKeyToken=b03f5f7f11d50a3a" className="Application.MVCExtensions.Tests.MobileCapableWebFormViewEngineFixture, Application.MVCExtensions.Tests, Version=1.0.0.0, Culture=neutral, PublicKeyToken=null" name="FindViewReturnsDesktopViewPath" />
    </UnitTest>
    <UnitTest name="FindViewReturnsDesktopViewPathWhenSpecificMobileFolderAndSharedMobileFolderNotExists" storage="c:\users\bmiller\mvcmobilecapableviewengines\application.mvcextensions.tests\bin\debug\application.mvcextensions.tests.dll" id="efcd2410-76c7-6efb-3bd5-124ccb2bf3d1">
      <Execution id="a362e6e9-266e-45ae-a186-7a66694bb999" />
      <TestMethod codeBase="C:/Users/bmiller/MVCMobileCapableViewEngines/Application.MVCExtensions.Tests/bin/Debug/Application.MVCExtensions.Tests.DLL" adapterTypeName="Microsoft.VisualStudio.TestTools.TestTypes.Unit.UnitTestAdapter, Microsoft.VisualStudio.QualityTools.Tips.UnitTest.Adapter, Version=10.0.0.0, Culture=neutral, PublicKeyToken=b03f5f7f11d50a3a" className="Application.MVCExtensions.Tests.MobileCapableRazorViewEngineFixture, Application.MVCExtensions.Tests, Version=1.0.0.0, Culture=neutral, PublicKeyToken=null" name="FindViewReturnsDesktopViewPathWhenSpecificMobileFolderAndSharedMobileFolderNotExists" />
    </UnitTest>
  </TestDefinitions>
  <TestLists>
    <TestList name="Results Not in a List" id="8c84fa94-04c1-424b-9868-57a2d4851a1d" />
    <TestList name="All Loaded Results" id="19431567-8539-422a-85d7-44ee4e166bda" />
  </TestLists>
  <TestEntries>
    <TestEntry testId="05a17778-cdff-7d54-5b16-cadb7db34dff" executionId="3d6a1f41-a6ac-41e6-9acd-437802ce1096" testListId="8c84fa94-04c1-424b-9868-57a2d4851a1d" />
    <TestEntry testId="06ea11f1-bef8-c99d-b64c-ac3d7ba03561" executionId="1937c998-8a0f-49a8-8c19-ec678619695a" testListId="8c84fa94-04c1-424b-9868-57a2d4851a1d" />
    <TestEntry testId="14d5c3cd-b1dd-8c6f-29a0-cf748dc25bce" executionId="b1e4bb05-86ce-43fd-8f97-7c2d22d52aeb" testListId="8c84fa94-04c1-424b-9868-57a2d4851a1d" />
    <TestEntry testId="26ca33dd-8dd6-2d1c-3848-8b1bcf9b63d6" executionId="918288b5-0b61-4965-baea-3ab4d383756f" testListId="8c84fa94-04c1-424b-9868-57a2d4851a1d" />
    <TestEntry testId="6dfc464c-84fa-fa54-85aa-6887a98c49c4" executionId="467815c8-8549-40b7-8eac-cef686395598" testListId="8c84fa94-04c1-424b-9868-57a2d4851a1d" />
    <TestEntry testId="87c7a14e-314b-c75f-b193-e7031327d783" executionId="97607ba9-ba93-4d41-870b-245f87e462e3" testListId="8c84fa94-04c1-424b-9868-57a2d4851a1d" />
    <TestEntry testId="9b1e3ff5-5041-f8fe-88fc-e8dc175b189b" executionId="1f886460-8c8f-4a7b-85ff-4a5a28637825" testListId="8c84fa94-04c1-424b-9868-57a2d4851a1d" />
    <TestEntry testId="db02e4c0-2982-25e2-7b8b-b5c6d6cb128a" executionId="e527b767-b0ae-4bfd-989a-093efdd2e037" testListId="8c84fa94-04c1-424b-9868-57a2d4851a1d" />
    <TestEntry testId="efcd2410-76c7-6efb-3bd5-124ccb2bf3d1" executionId="a362e6e9-266e-45ae-a186-7a66694bb999" testListId="8c84fa94-04c1-424b-9868-57a2d4851a1d" />
    <TestEntry testId="f50390d4-1197-32bf-b197-c0cd06aa824c" executionId="3d0598e2-3ba2-4155-9a39-5520ddbe4515" testListId="8c84fa94-04c1-424b-9868-57a2d4851a1d" />
  </TestEntries>
  <Results>
    <UnitTestResult executionId="3d6a1f41-a6ac-41e6-9acd-437802ce1096" testId="05a17778-cdff-7d54-5b16-cadb7db34dff" testName="FindViewReturnsSharedMobileViewPathWhenSpecificMobileFolderNotExists" computerName="COEUS" duration="00:00:00.7450035" startTime="2011-05-08T01:24:28.1680637-07:00" endTime="2011-05-08T01:24:29.2750637-07:00" testType="13cdc9d9-ddb5-4fa4-a97d-d965ccfc6d4b" outcome="Passed" testListId="8c84fa94-04c1-424b-9868-57a2d4851a1d" relativeResultsDirectory="3d6a1f41-a6ac-41e6-9acd-437802ce1096">
    </UnitTestResult>
    <UnitTestResult executionId="1937c998-8a0f-49a8-8c19-ec678619695a" testId="06ea11f1-bef8-c99d-b64c-ac3d7ba03561" testName="FindViewReturnsSpecificMobileViewPath" computerName="COEUS" duration="00:00:00.0044312" startTime="2011-05-08T01:24:29.2780637-07:00" endTime="2011-05-08T01:24:29.2860637-07:00" testType="13cdc9d9-ddb5-4fa4-a97d-d965ccfc6d4b" outcome="Passed" testListId="8c84fa94-04c1-424b-9868-57a2d4851a1d" relativeResultsDirectory="1937c998-8a0f-49a8-8c19-ec678619695a">
    </UnitTestResult>
    <UnitTestResult executionId="b1e4bb05-86ce-43fd-8f97-7c2d22d52aeb" testId="14d5c3cd-b1dd-8c6f-29a0-cf748dc25bce" testName="FindViewReturnsDesktopViewPath" computerName="COEUS" duration="00:00:00.0046567" startTime="2011-05-08T01:24:29.2880637-07:00" endTime="2011-05-08T01:24:29.2960637-07:00" testType="13cdc9d9-ddb5-4fa4-a97d-d965ccfc6d4b" outcome="Passed" testListId="8c84fa94-04c1-424b-9868-57a2d4851a1d" relativeResultsDirectory="b1e4bb05-86ce-43fd-8f97-7c2d22d52aeb">
    </UnitTestResult>
    <UnitTestResult executionId="918288b5-0b61-4965-baea-3ab4d383756f" testId="26ca33dd-8dd6-2d1c-3848-8b1bcf9b63d6" testName="FindViewReturnsDesktopViewPathWhenSpecificMobileFolderAndSharedMobileFolderNotExists" computerName="COEUS" duration="00:00:00.0024158" startTime="2011-05-08T01:24:29.2980637-07:00" endTime="2011-05-08T01:24:29.3040637-07:00" testType="13cdc9d9-ddb5-4fa4-a97d-d965ccfc6d4b" outcome="Passed" testListId="8c84fa94-04c1-424b-9868-57a2d4851a1d" relativeResultsDirectory="918288b5-0b61-4965-baea-3ab4d383756f">
    </UnitTestResult>
    <UnitTestResult executionId="467815c8-8549-40b7-8eac-cef686395598" testId="6dfc464c-84fa-fa54-85aa-6887a98c49c4" testName="FindViewReturnsSharedMobileViewPathWhenSpecificMobileFolderNotExists" computerName="COEUS" duration="00:00:00.0026673" startTime="2011-05-08T01:24:29.3050637-07:00" endTime="2011-05-08T01:24:29.3110637-07:00" testType="13cdc9d9-ddb5-4fa4-a97d-d965ccfc6d4b" outcome="Passed" testListId="8c84fa94-04c1-424b-9868-57a2d4851a1d" relativeResultsDirectory="467815c8-8549-40b7-8eac-cef686395598">
    </UnitTestResult>
    <UnitTestResult executionId="97607ba9-ba93-4d41-870b-245f87e462e3" testId="87c7a14e-314b-c75f-b193-e7031327d783" testName="FindViewReturnsSpecificMobileViewPath" computerName="COEUS" duration="00:00:00.0025484" startTime="2011-05-08T01:24:29.3140637-07:00" endTime="2011-05-08T01:24:29.3200637-07:00" testType="13cdc9d9-ddb5-4fa4-a97d-d965ccfc6d4b" outcome="Passed" testListId="8c84fa94-04c1-424b-9868-57a2d4851a1d" relativeResultsDirectory="97607ba9-ba93-4d41-870b-245f87e462e3">
    </UnitTestResult>
    <UnitTestResult executionId="1f886460-8c8f-4a7b-85ff-4a5a28637825" testId="9b1e3ff5-5041-f8fe-88fc-e8dc175b189b" testName="FindViewReturnsSharedMobileViewPath" computerName="COEUS" duration="00:00:00.0028375" startTime="2011-05-08T01:24:29.3220637-07:00" endTime="2011-05-08T01:24:29.3280637-07:00" testType="13cdc9d9-ddb5-4fa4-a97d-d965ccfc6d4b" outcome="Passed" testListId="8c84fa94-04c1-424b-9868-57a2d4851a1d" relativeResultsDirectory="1f886460-8c8f-4a7b-85ff-4a5a28637825">
    </UnitTestResult>
    <UnitTestResult executionId="e527b767-b0ae-4bfd-989a-093efdd2e037" testId="db02e4c0-2982-25e2-7b8b-b5c6d6cb128a" testName="FindViewReturnsSharedMobileViewPath" computerName="COEUS" duration="00:00:00.0025184" startTime="2011-05-08T01:24:29.3310637-07:00" endTime="2011-05-08T01:24:29.3370637-07:00" testType="13cdc9d9-ddb5-4fa4-a97d-d965ccfc6d4b" outcome="Passed" testListId="8c84fa94-04c1-424b-9868-57a2d4851a1d" relativeResultsDirectory="e527b767-b0ae-4bfd-989a-093efdd2e037">
    </UnitTestResult>
    <UnitTestResult executionId="a362e6e9-266e-45ae-a186-7a66694bb999" testId="efcd2410-76c7-6efb-3bd5-124ccb2bf3d1" testName="FindViewReturnsDesktopViewPathWhenSpecificMobileFolderAndSharedMobileFolderNotExists" computerName="COEUS" duration="00:00:00.0026215" startTime="2011-05-08T01:24:29.3390637-07:00" endTime="2011-05-08T01:24:29.3450637-07:00" testType="13cdc9d9-ddb5-4fa4-a97d-d965ccfc6d4b" outcome="Passed" testListId="8c84fa94-04c1-424b-9868-57a2d4851a1d" relativeResultsDirectory="a362e6e9-266e-45ae-a186-7a66694bb999">
    </UnitTestResult>
    <UnitTestResult executionId="3d0598e2-3ba2-4155-9a39-5520ddbe4515" testId="f50390d4-1197-32bf-b197-c0cd06aa824c" testName="FindViewReturnsDesktopViewPath" computerName="COEUS" duration="00:00:00.0023567" startTime="2011-05-08T01:24:29.3480637-07:00" endTime="2011-05-08T01:24:29.3540637-07:00" testType="13cdc9d9-ddb5-4fa4-a97d-d965ccfc6d4b" outcome="Passed" testListId="8c84fa94-04c1-424b-9868-57a2d4851a1d" relativeResultsDirectory="3d0598e2-3ba2-4155-9a39-5520ddbe4515">
    </UnitTestResult>
  </Results>
</TestRun>